// Jest Snapshot v1, https://goo.gl/fbAQLP

exports[`Testing App Component should render correctly 1`] = `ShallowWrapper {}`;

exports[`Testing App Component should render correctly 2`] = `ShallowWrapper {}`;
